// Jest Snapshot v1, https://goo.gl/fbAQLP

exports[`it contains expected keys 1`] = `
Array [
  "moduleFileExtensions",
  "testRegex",
  "transform",
]
`;
